Script started on Sun 19 Apr 2015 08:19:08 PM PDT
~/rshell
athai005@hammer $ bin/rshell
athai005@hammer.cs.ucr.edu $ ls
bin  LICENSE  Makefile	README.md  README.md~  src  tests
athai005@hammer.cs.ucr.edu $ ls -a
.  ..  bin  .git  LICENSE  Makefile  README.md	README.md~  src  tests
athai005@hammer.cs.ucr.edu $ ls -a -l
total 44
drwx------  6 athai005 csmajs 4096 Apr 19 20:07 .
drwx------ 35 athai005 csmajs 8192 Apr 19 20:08 ..
drwx------  2 athai005 csmajs 4096 Apr 19 19:44 bin
drwx------  8 athai005 csmajs 4096 Apr 19 20:08 .git
-rw-------  1 athai005 csmajs 1076 Apr 18 16:10 LICENSE
-rw-------  1 athai005 csmajs  141 Apr 18 16:16 Makefile
-rw-------  1 athai005 csmajs  818 Apr 19 18:36 README.md
-rw-------  1 athai005 csmajs  801 Apr 19 18:35 README.md~
drwx------  2 athai005 csmajs 4096 Apr 19 19:01 src
drwx------  2 athai005 csmajs 4096 Apr 19 20:13 tests
athai005@hammer.cs.ucr.edu $        ls            -a -l             ;
total 44
drwx------  6 athai005 csmajs 4096 Apr 19 20:07 .
drwx------ 35 athai005 csmajs 8192 Apr 19 20:08 ..
drwx------  2 athai005 csmajs 4096 Apr 19 19:44 bin
drwx------  8 athai005 csmajs 4096 Apr 19 20:08 .git
-rw-------  1 athai005 csmajs 1076 Apr 18 16:10 LICENSE
-rw-------  1 athai005 csmajs  141 Apr 18 16:16 Makefile
-rw-------  1 athai005 csmajs  818 Apr 19 18:36 README.md
-rw-------  1 athai005 csmajs  801 Apr 19 18:35 README.md~
drwx------  2 athai005 csmajs 4096 Apr 19 19:01 src
drwx------  2 athai005 csmajs 4096 Apr 19 20:13 tests
athai005@hammer.cs.ucr.edu $ gibberish
gibberish: No such file or directory
athai005@hammer.cs.ucr.edu $ acokejlrs
acokejlrs: No such file or directory
athai005@hammer.cs.ucr.edu $ false && echo fail
athai005@hammer.cs.ucr.edu $ false || echo fail
fail
athai005@hammer.cs.ucr.edu $ true && echo success
success
athai005@hammer.cs.ucr.edu $ true || echo fail
athai005@hammer.cs.ucr.edu $ false || ls && mkdir testsfolder
bin  LICENSE  Makefile	README.md  README.md~  src  tests
athai005@hammer.cs.ucr.edu $ true || ls && rm-  -rf testsfolder
athai005@hammer.cs.ucr.edu $ ls
bin  LICENSE  Makefile	README.md  README.md~  src  tests  testsfolder
athai005@hammer.cs.ucr.edu $ true && rm-  -rf testsfolder && ls
bin  LICENSE  Makefile	README.md  README.md~  src  tests
athai005@hammer.cs.ucr.edu $ pwd && ls && mkdir testsfolder && ls && rm-rf    -rf testsfolder && ls   || exit
/home/csmajs/athai005/rshell
bin  LICENSE  Makefile	README.md  README.md~  src  tests
bin  LICENSE  Makefile	README.md  README.md~  src  tests  testsfolder
bin  LICENSE  Makefile	README.md  README.md~  src  tests
athai005@hammer.cs.ucr.edu $ pwd&&ls&&mkdir testsfolder&&ls&&rm -rf testsfolder&&ls||exit
/home/csmajs/athai005/rshell
bin  LICENSE  Makefile	README.md  README.md~  src  tests
bin  LICENSE  Makefile	README.md  README.md~  src  tests  testsfolder
bin  LICENSE  Makefile	README.md  README.md~  src  tests
athai005@hammer.cs.ucr.edu $ false||true||false&&ls
athai005@hammer.cs.ucr.edu $ #the comment stands slon    alone
athai005@hammer.cs.ucr.edu $ ls -a
.  ..  bin  .git  LICENSE  Makefile  README.md	README.md~  src  tests
athai005@hammer.cs.ucr.edu $ ls #-a
bin  LICENSE  Makefile	README.md  README.md~  src  tests
athai005@hammer.cs.ucr.edu $ ls #-l
bin  LICENSE  Makefile	README.md  README.md~  src  tests
athai005@hammer.cs.ucr.edu $ ls -a# -l
.  ..  bin  .git  LICENSE  Makefile  README.md	README.md~  src  tests
athai005@hammer.cs.ucr.edu $ #none of these will be executed  
athai005@hammer.cs.ucr.edu $ #ls ; pwd ; echo true
athai005@hammer.cs.ucr.edu $ false ||| ls #this will produce a syntax error
Syntax error.
athai005@hammer.cs.ucr.edu $ true &&& ls #this too
Syntax error.
athai005@hammer.cs.ucr.edu $ ls && ; || ls @also this          # also this
Syntax error.
athai005@hammer.cs.ucr.edu $ ls ;;;; ;;;; ;;;;; #and this. 
Syntax error.
athai005@hammer.cs.ucr.edu $ pwd# ohno the hash is touching the pwd :(
/home/csmajs/athai005/rshell
athai005@hammer.cs.ucr.edu $ ls exit #this shouldn't exit
ls: cannot access exit: No such file or directory
athai005@hammer.cs.ucr.edu $ ls ; bi  exit #but this will
bin  LICENSE  Makefile	README.md  README.md~  src  tests

Goodbye.
~/rshell
athai005@hammer $ bin/rshell
athai005@hammer.cs.ucr.edu $ exhi      exit -l -a #this will exit too

Goodbye.
~/rshell
athai005@hammer $ bin/rshell
athai005@hammer.cs.ucr.edu $ ls -a ; ls -a * && exit
.  ..  bin  .git  LICENSE  Makefile  README.md	README.md~  src  tests
.  ..  bin  .git  LICENSE  Makefile  README.md	README.md~  src  tests

Goodbye.
~/rshell
athai005@hammer $ exit

Script done on Sun 19 Apr 2015 08:26:39 PM PDT
